// Bun Snapshot v1, https://bun.sh/docs/test/snapshots

exports[`Languages 1`] = `
[
  "_1c",
  "abnf",
  "accesslog",
  "actionscript",
  "ada",
  "angelscript",
  "apache",
  "applescript",
  "arcade",
  "arduino",
  "armasm",
  "asciidoc",
  "aspectj",
  "astro",
  "autohotkey",
  "autoit",
  "avrasm",
  "awk",
  "axapta",
  "bash",
  "basic",
  "bibtex",
  "bicep",
  "blade",
  "bnf",
  "brainfuck",
  "c",
  "caddy",
  "cairo",
  "cal",
  "capnproto",
  "ceylon",
  "clarity",
  "clean",
  "clojure",
  "clojureRepl",
  "cmake",
  "coffeescript",
  "coq",
  "cos",
  "cpp",
  "crmsh",
  "crystal",
  "csharp",
  "csp",
  "css",
  "cue",
  "cypher",
  "d",
  "d2",
  "dart",
  "dax",
  "delphi",
  "dhall",
  "diff",
  "django",
  "dns",
  "dockerfile",
  "dos",
  "dotenv",
  "dsconfig",
  "dts",
  "dust",
  "ebnf",
  "elixir",
  "elm",
  "erb",
  "erlang",
  "erlangRepl",
  "excel",
  "fish",
  "fix",
  "flix",
  "fortran",
  "fsharp",
  "gams",
  "gauss",
  "gcode",
  "gdscript",
  "gherkin",
  "gleam",
  "glsl",
  "gml",
  "go",
  "golo",
  "gradle",
  "graphql",
  "groovy",
  "groq",
  "haml",
  "handlebars",
  "haskell",
  "haxe",
  "hcl",
  "heex",
  "hlsl",
  "hsp",
  "html",
  "http",
  "hy",
  "inform7",
  "ini",
  "irpf90",
  "isbl",
  "java",
  "javascript",
  "jbossCli",
  "jq",
  "json",
  "json5",
  "jsonc",
  "jsonnet",
  "julia",
  "juliaRepl",
  "just",
  "kotlin",
  "kql",
  "lasso",
  "latex",
  "ldif",
  "leaf",
  "less",
  "liquid",
  "lisp",
  "livecodeserver",
  "livescript",
  "llvm",
  "logql",
  "lsl",
  "lua",
  "makefile",
  "markdown",
  "marko",
  "mathematica",
  "matlab",
  "maxima",
  "mdx",
  "mel",
  "mercury",
  "mipsasm",
  "mizar",
  "mojolicious",
  "monkey",
  "moonscript",
  "move",
  "n1ql",
  "nestedtext",
  "nginx",
  "nickel",
  "nim",
  "nix",
  "nodeRepl",
  "nsis",
  "nushell",
  "objectivec",
  "ocaml",
  "odin",
  "openscad",
  "oxygene",
  "parser3",
  "perl",
  "pf",
  "pgsql",
  "php",
  "phpTemplate",
  "pkl",
  "plaintext",
  "pony",
  "powershell",
  "prisma",
  "processing",
  "profile",
  "prolog",
  "promql",
  "properties",
  "protobuf",
  "pug",
  "puppet",
  "purebasic",
  "python",
  "pythonRepl",
  "q",
  "qml",
  "r",
  "razor",
  "reasonml",
  "rego",
  "rescript",
  "rib",
  "roboconf",
  "routeros",
  "rsl",
  "rst",
  "ruby",
  "ruleslanguage",
  "rust",
  "sas",
  "scala",
  "scheme",
  "scilab",
  "scss",
  "shell",
  "smali",
  "smalltalk",
  "sml",
  "solidity",
  "sparql",
  "sqf",
  "sql",
  "stan",
  "starlark",
  "stata",
  "step21",
  "stylus",
  "subunit",
  "svelte",
  "swift",
  "taggerscript",
  "tap",
  "tcl",
  "templ",
  "thrift",
  "toml",
  "tp",
  "twig",
  "typescript",
  "typst",
  "v",
  "vala",
  "vbnet",
  "vbscript",
  "vbscriptHtml",
  "verilog",
  "vhdl",
  "vim",
  "vue",
  "vyper",
  "wasm",
  "wgsl",
  "wren",
  "x86asm",
  "xl",
  "xml",
  "xquery",
  "yaml",
  "zephir",
  "zig",
]
`;
